make -C makefiles/ATmega256RFR2 -f Makefile_All_StdlinkSec_MegaRf_Atmega256rfr2_8Mhz_Gcc all APP_NAME=HADevice
avr-as -I../.. -I../../dimmableLight/include -I../../dimmerSwitch/include -I../../occupancySensor/include -I../../combinedInterface/include -I../../common/include -I../../common/clusters/include -I../../../../BitCloud/Components/BSP/MEGARF/include -I../../../../BitCloud/Components/SystemEnvironment/include -I../../../../BitCloud/lib -I../../../../BitCloud/Components/HAL/include -I../../../../BitCloud/Components/BSP -I../../../../BitCloud/Components/BSP/include -I../../../../BitCloud/Components/NWK/include -I../../../../BitCloud/Components/NWK/include/private -I../../../../BitCloud/Components/ZDO/include -I../../../../BitCloud/Components/ZDO/include/private -I../../../../BitCloud/Components/APS/include -I../../../../BitCloud/Components/APS/include/private -I../../../../BitCloud/Components/SystemEnvironment/include -I../../../../BitCloud/Components/ConfigServer/include -I../../../../BitCloud/Components/ConfigServer/include/private -I../../../../BitCloud/Components/PersistDataServer/include -I../../../../BitCloud/Components/PersistDataServer/std/include -I../../../../BitCloud/Components/PersistDataServer/wl/include -I../../../../BitCloud/Components/ZLLPlatform/Infrastructure/N_Types/include -I../../../../BitCloud/Components/ZLLPlatform/Infrastructure/N_Util/include -I../../../../BitCloud/Components/ZLLPlatform/Infrastructure/N_Timer/include -I../../../../BitCloud/Components/ZLLPlatform/Infrastructure/N_Task/include -I../../../../BitCloud/Components/ZLLPlatform/Infrastructure/N_ErrH/include -I../../../../BitCloud/Components/ZLLPlatform/Infrastructure/N_Log/include -I../../../../BitCloud/Components/ZLLPlatform/Infrastructure/N_Memory/include -I../../../../BitCloud/Components/ZLLPlatform/Infrastructure/N_Init/include -I../../../../BitCloud/Components/ZLLPlatform/ZLL/S_Nv/include -I../../../../BitCloud/Components/ZLLPlatform/ZLL/D_Nv/include -I../../../../BitCloud/Components/Security/TrustCentre/include -I../../../../BitCloud/Components/Security/ServiceProvider/include -I../../../../BitCloud/Components/HAL/drivers/include -I../../../../BitCloud/Components/HAL/drivers/USBFIFO/include -I../../../../BitCloud/Components/HAL/avr/atmega128rfa1/common/include -I../../../../BitCloud/Components/ZCL/include/private -I../../../../BitCloud/Components/ZCL/include -I../../../../BitCloud/Components/HAL/drivers/include -I../../../../BitCloud/Components/HAL/drivers/OFD/include -I../../../../BitCloud/Components/HAL/drivers/ISD/include -I../../../../BitCloud/Components/HAL/drivers/include -I../../../../BitCloud/Components/HAL/drivers/OFD/include -I../../../../BitCloud/Components/HAL/drivers/ISD/include -I../../../../BitCloud/Components/MAC_PHY/include -I../../../../BitCloud/Components/MAC_PHY/MAC_ENV/include -I../../../../BitCloud/Components/MAC_PHY/MAC_HWI/include -I../../../../BitCloud/Components/MAC_PHY/MAC_HWD_PHY/include -I../../../../BitCloud/Components/MAC_PHY/MAC_HWD_PHY/ATMEGA128RFA1/PHY/include -I../../../../BitCloud/Components/MAC_PHY/MAC_HWD_PHY/ATMEGA128RFA1/MAC_HWD/include  -mmcu=atmega256rfr2 ../../../../BitCloud/Components/HAL/drivers/OFD/src/ofdIntFlashRead.s -o All_StdlinkSec_MegaRf_Atmega256rfr2_8Mhz_Gcc/Obj/ofdIntFlashRead.o
avr-gcc -Wl,-Map=All_StdlinkSec_MegaRf_Atmega256rfr2_8Mhz_Gcc/List/HADevice.map -Wl,--gc-sections -Wl,--script=../../linkerScr/atmega256rfr2.ld -Wl,--section-start=.data=0x800200 -mmcu=atmega256rfr2 -Wl,--relax All_StdlinkSec_MegaRf_Atmega256rfr2_8Mhz_Gcc/Obj/dlIdentifyCluster.o All_StdlinkSec_MegaRf_Atmega256rfr2_8Mhz_Gcc/Obj/dlScenes.o All_StdlinkSec_MegaRf_Atmega256rfr2_8Mhz_Gcc/Obj/dlScenesCluster.o All_StdlinkSec_MegaRf_Atmega256rfr2_8Mhz_Gcc/Obj/dlOnOffCluster.o All_StdlinkSec_MegaRf_Atmega256rfr2_8Mhz_Gcc/Obj/dlPdt.o All_StdlinkSec_MegaRf_Atmega256rfr2_8Mhz_Gcc/Obj/dlLevelControlCluster.o All_StdlinkSec_MegaRf_Atmega256rfr2_8Mhz_Gcc/Obj/dlClusters.o All_StdlinkSec_MegaRf_Atmega256rfr2_8Mhz_Gcc/Obj/dlBasicCluster.o All_StdlinkSec_MegaRf_Atmega256rfr2_8Mhz_Gcc/Obj/dimmableLight.o All_StdlinkSec_MegaRf_Atmega256rfr2_8Mhz_Gcc/Obj/dlGroupsCluster.o All_StdlinkSec_MegaRf_Atmega256rfr2_8Mhz_Gcc/Obj/dlConsole.o All_StdlinkSec_MegaRf_Atmega256rfr2_8Mhz_Gcc/Obj/osBasicCluster.o All_StdlinkSec_MegaRf_Atmega256rfr2_8Mhz_Gcc/Obj/osIdentifyCluster.o All_StdlinkSec_MegaRf_Atmega256rfr2_8Mhz_Gcc/Obj/osClusters.o All_StdlinkSec_MegaRf_Atmega256rfr2_8Mhz_Gcc/Obj/osConsole.o All_StdlinkSec_MegaRf_Atmega256rfr2_8Mhz_Gcc/Obj/osPdt.o All_StdlinkSec_MegaRf_Atmega256rfr2_8Mhz_Gcc/Obj/occupancySensor.o All_StdlinkSec_MegaRf_Atmega256rfr2_8Mhz_Gcc/Obj/osOccupancySensingCluster.o All_StdlinkSec_MegaRf_Atmega256rfr2_8Mhz_Gcc/Obj/dsLevelControlCluster.o All_StdlinkSec_MegaRf_Atmega256rfr2_8Mhz_Gcc/Obj/dsIdentifyCluster.o All_StdlinkSec_MegaRf_Atmega256rfr2_8Mhz_Gcc/Obj/dsOnOffCluster.o All_StdlinkSec_MegaRf_Atmega256rfr2_8Mhz_Gcc/Obj/dimmerSwitch.o All_StdlinkSec_MegaRf_Atmega256rfr2_8Mhz_Gcc/Obj/dsConsole.o All_StdlinkSec_MegaRf_Atmega256rfr2_8Mhz_Gcc/Obj/dsBasicCluster.o All_StdlinkSec_MegaRf_Atmega256rfr2_8Mhz_Gcc/Obj/dsClusters.o All_StdlinkSec_MegaRf_Atmega256rfr2_8Mhz_Gcc/Obj/ciIdentifyCluster.o All_StdlinkSec_MegaRf_Atmega256rfr2_8Mhz_Gcc/Obj/ciClusters.o All_StdlinkSec_MegaRf_Atmega256rfr2_8Mhz_Gcc/Obj/ciConsole.o All_StdlinkSec_MegaRf_Atmega256rfr2_8Mhz_Gcc/Obj/ciLevelControlCluster.o All_StdlinkSec_MegaRf_Atmega256rfr2_8Mhz_Gcc/Obj/ciOnOffCluster.o All_StdlinkSec_MegaRf_Atmega256rfr2_8Mhz_Gcc/Obj/ciGroupsCluster.o All_StdlinkSec_MegaRf_Atmega256rfr2_8Mhz_Gcc/Obj/ciBasicCluster.o All_StdlinkSec_MegaRf_Atmega256rfr2_8Mhz_Gcc/Obj/ciOccupancySensingCluster.o All_StdlinkSec_MegaRf_Atmega256rfr2_8Mhz_Gcc/Obj/ciScenesCluster.o All_StdlinkSec_MegaRf_Atmega256rfr2_8Mhz_Gcc/Obj/combinedInterface.o All_StdlinkSec_MegaRf_Atmega256rfr2_8Mhz_Gcc/Obj/commandManager.o All_StdlinkSec_MegaRf_Atmega256rfr2_8Mhz_Gcc/Obj/console.o All_StdlinkSec_MegaRf_Atmega256rfr2_8Mhz_Gcc/Obj/keyboardPoll.o All_StdlinkSec_MegaRf_Atmega256rfr2_8Mhz_Gcc/Obj/uartManager.o All_StdlinkSec_MegaRf_Atmega256rfr2_8Mhz_Gcc/Obj/otauService.o All_StdlinkSec_MegaRf_Atmega256rfr2_8Mhz_Gcc/Obj/ezModeManager.o All_StdlinkSec_MegaRf_Atmega256rfr2_8Mhz_Gcc/Obj/zclDevice.o All_StdlinkSec_MegaRf_Atmega256rfr2_8Mhz_Gcc/Obj/haClusters.o All_StdlinkSec_MegaRf_Atmega256rfr2_8Mhz_Gcc/Obj/stdPdsMemAccess.o All_StdlinkSec_MegaRf_Atmega256rfr2_8Mhz_Gcc/Obj/stdPdsTimer.o All_StdlinkSec_MegaRf_Atmega256rfr2_8Mhz_Gcc/Obj/stdPdsMem.o All_StdlinkSec_MegaRf_Atmega256rfr2_8Mhz_Gcc/Obj/stdPdsWriteData.o All_StdlinkSec_MegaRf_Atmega256rfr2_8Mhz_Gcc/Obj/stdPdsCrcService.o All_StdlinkSec_MegaRf_Atmega256rfr2_8Mhz_Gcc/Obj/stdPdsInit.o All_StdlinkSec_MegaRf_Atmega256rfr2_8Mhz_Gcc/Obj/stdPdsEvents.o All_StdlinkSec_MegaRf_Atmega256rfr2_8Mhz_Gcc/Obj/stdPdsDataServer.o All_StdlinkSec_MegaRf_Atmega256rfr2_8Mhz_Gcc/Obj/fakePds.o All_StdlinkSec_MegaRf_Atmega256rfr2_8Mhz_Gcc/Obj/wlPdsDataServer.o All_StdlinkSec_MegaRf_Atmega256rfr2_8Mhz_Gcc/Obj/wlPdsInit.o All_StdlinkSec_MegaRf_Atmega256rfr2_8Mhz_Gcc/Obj/wlPdsSecurity.o All_StdlinkSec_MegaRf_Atmega256rfr2_8Mhz_Gcc/Obj/wlPdsTypesConverter.o All_StdlinkSec_MegaRf_Atmega256rfr2_8Mhz_Gcc/Obj/wlPdsTaskManager.o All_StdlinkSec_MegaRf_Atmega256rfr2_8Mhz_Gcc/Obj/S_Nv.o All_StdlinkSec_MegaRf_Atmega256rfr2_8Mhz_Gcc/Obj/S_Nv_Stub.o All_StdlinkSec_MegaRf_Atmega256rfr2_8Mhz_Gcc/Obj/D_Nv.o All_StdlinkSec_MegaRf_Atmega256rfr2_8Mhz_Gcc/Obj/sysIdleHandler.o All_StdlinkSec_MegaRf_Atmega256rfr2_8Mhz_Gcc/Obj/sysSleep.o All_StdlinkSec_MegaRf_Atmega256rfr2_8Mhz_Gcc/Obj/sysStat.o All_StdlinkSec_MegaRf_Atmega256rfr2_8Mhz_Gcc/Obj/sysEventsHandler.o All_StdlinkSec_MegaRf_Atmega256rfr2_8Mhz_Gcc/Obj/sysQueue.o All_StdlinkSec_MegaRf_Atmega256rfr2_8Mhz_Gcc/Obj/sysUtils.o All_StdlinkSec_MegaRf_Atmega256rfr2_8Mhz_Gcc/Obj/sysDuplicateTable.o All_StdlinkSec_MegaRf_Atmega256rfr2_8Mhz_Gcc/Obj/sysInit.o All_StdlinkSec_MegaRf_Atmega256rfr2_8Mhz_Gcc/Obj/sysTaskManager.o All_StdlinkSec_MegaRf_Atmega256rfr2_8Mhz_Gcc/Obj/sysTimer.o All_StdlinkSec_MegaRf_Atmega256rfr2_8Mhz_Gcc/Obj/sysMutex.o All_StdlinkSec_MegaRf_Atmega256rfr2_8Mhz_Gcc/Obj/dbg.o All_StdlinkSec_MegaRf_Atmega256rfr2_8Mhz_Gcc/Obj/ofdCommand.o All_StdlinkSec_MegaRf_Atmega256rfr2_8Mhz_Gcc/Obj/ofdAt45dbDriver.o All_StdlinkSec_MegaRf_Atmega256rfr2_8Mhz_Gcc/Obj/ofdSpiSerializer.o All_StdlinkSec_MegaRf_Atmega256rfr2_8Mhz_Gcc/Obj/ofdFakeDriver.o All_StdlinkSec_MegaRf_Atmega256rfr2_8Mhz_Gcc/Obj/ofdCrcService.o All_StdlinkSec_MegaRf_Atmega256rfr2_8Mhz_Gcc/Obj/ofdAt25Driver.o All_StdlinkSec_MegaRf_Atmega256rfr2_8Mhz_Gcc/Obj/zclSecurityManager.o All_StdlinkSec_MegaRf_Atmega256rfr2_8Mhz_Gcc/Obj/zclParser.o All_StdlinkSec_MegaRf_Atmega256rfr2_8Mhz_Gcc/Obj/zclOtauServer.o All_StdlinkSec_MegaRf_Atmega256rfr2_8Mhz_Gcc/Obj/zclTaskManager.o All_StdlinkSec_MegaRf_Atmega256rfr2_8Mhz_Gcc/Obj/zclMemoryManager.o All_StdlinkSec_MegaRf_Atmega256rfr2_8Mhz_Gcc/Obj/zclCommandAnalyzer.o All_StdlinkSec_MegaRf_Atmega256rfr2_8Mhz_Gcc/Obj/zclAttributes.o All_StdlinkSec_MegaRf_Atmega256rfr2_8Mhz_Gcc/Obj/zclOtauClient.o All_StdlinkSec_MegaRf_Atmega256rfr2_8Mhz_Gcc/Obj/zclOtauManager.o All_StdlinkSec_MegaRf_Atmega256rfr2_8Mhz_Gcc/Obj/zcl.o All_StdlinkSec_MegaRf_Atmega256rfr2_8Mhz_Gcc/Obj/zclKeyEstablishmentCluster.o All_StdlinkSec_MegaRf_Atmega256rfr2_8Mhz_Gcc/Obj/zclOtauDiscovery.o All_StdlinkSec_MegaRf_Atmega256rfr2_8Mhz_Gcc/Obj/xyl2rgb.o All_StdlinkSec_MegaRf_Atmega256rfr2_8Mhz_Gcc/Obj/bspTaskManager.o All_StdlinkSec_MegaRf_Atmega256rfr2_8Mhz_Gcc/Obj/hs2xy.o All_StdlinkSec_MegaRf_Atmega256rfr2_8Mhz_Gcc/Obj/buttons.o All_StdlinkSec_MegaRf_Atmega256rfr2_8Mhz_Gcc/Obj/MaxL.o All_StdlinkSec_MegaRf_Atmega256rfr2_8Mhz_Gcc/Obj/lcd.o All_StdlinkSec_MegaRf_Atmega256rfr2_8Mhz_Gcc/Obj/bspUid.o All_StdlinkSec_MegaRf_Atmega256rfr2_8Mhz_Gcc/Obj/leds.o All_StdlinkSec_MegaRf_Atmega256rfr2_8Mhz_Gcc/Obj/fakeBSP.o All_StdlinkSec_MegaRf_Atmega256rfr2_8Mhz_Gcc/Obj/usbFifoVirtualUsart.o All_StdlinkSec_MegaRf_Atmega256rfr2_8Mhz_Gcc/Obj/usbFifoFT245RL.o All_StdlinkSec_MegaRf_Atmega256rfr2_8Mhz_Gcc/Obj/isdImageStorage.o All_StdlinkSec_MegaRf_Atmega256rfr2_8Mhz_Gcc/Obj/isdConsoleTunneling.o All_StdlinkSec_MegaRf_Atmega256rfr2_8Mhz_Gcc/Obj/csPersistentMem.o All_StdlinkSec_MegaRf_Atmega256rfr2_8Mhz_Gcc/Obj/csMem.o All_StdlinkSec_MegaRf_Atmega256rfr2_8Mhz_Gcc/Obj/configServer.o All_StdlinkSec_MegaRf_Atmega256rfr2_8Mhz_Gcc/Obj/ofdIntFlashRead.o -Wl,-\( ../../../../BitCloud/lib/libBc_All_StdlinkSec_Atmega256rfr2_Atmega256rfr2_Gcc.a ../../../../BitCloud/lib/libHAL_MegaRf_Atmega256rfr2_8Mhz_Gcc.a ../../../../BitCloud/lib/WdtInitatmega256rfr2_Gcc.o  -Wl,-\) -o All_StdlinkSec_MegaRf_Atmega256rfr2_8Mhz_Gcc/Exe/HADevice.elf
avr-gcc: error: All_StdlinkSec_MegaRf_Atmega256rfr2_8Mhz_Gcc/Obj/dlIdentifyCluster.o: No such file or directory
avr-gcc: error: All_StdlinkSec_MegaRf_Atmega256rfr2_8Mhz_Gcc/Obj/dlScenes.o: No such file or directory
avr-gcc: error: All_StdlinkSec_MegaRf_Atmega256rfr2_8Mhz_Gcc/Obj/dlScenesCluster.o: No such file or directory
avr-gcc: error: All_StdlinkSec_MegaRf_Atmega256rfr2_8Mhz_Gcc/Obj/dlOnOffCluster.o: No such file or directory
avr-gcc: error: All_StdlinkSec_MegaRf_Atmega256rfr2_8Mhz_Gcc/Obj/dlPdt.o: No such file or directory
avr-gcc: error: All_StdlinkSec_MegaRf_Atmega256rfr2_8Mhz_Gcc/Obj/dlLevelControlCluster.o: No such file or directory
avr-gcc: error: All_StdlinkSec_MegaRf_Atmega256rfr2_8Mhz_Gcc/Obj/dlClusters.o: No such file or directory
avr-gcc: error: All_StdlinkSec_MegaRf_Atmega256rfr2_8Mhz_Gcc/Obj/dlBasicCluster.o: No such file or directory
avr-gcc: error: All_StdlinkSec_MegaRf_Atmega256rfr2_8Mhz_Gcc/Obj/dimmableLight.o: No such file or directory
avr-gcc: error: All_StdlinkSec_MegaRf_Atmega256rfr2_8Mhz_Gcc/Obj/dlGroupsCluster.o: No such file or directory
avr-gcc: error: All_StdlinkSec_MegaRf_Atmega256rfr2_8Mhz_Gcc/Obj/dlConsole.o: No such file or directory
avr-gcc: error: All_StdlinkSec_MegaRf_Atmega256rfr2_8Mhz_Gcc/Obj/osBasicCluster.o: No such file or directory
avr-gcc: error: All_StdlinkSec_MegaRf_Atmega256rfr2_8Mhz_Gcc/Obj/osIdentifyCluster.o: No such file or directory
avr-gcc: error: All_StdlinkSec_MegaRf_Atmega256rfr2_8Mhz_Gcc/Obj/osClusters.o: No such file or directory
avr-gcc: error: All_StdlinkSec_MegaRf_Atmega256rfr2_8Mhz_Gcc/Obj/osConsole.o: No such file or directory
avr-gcc: error: All_StdlinkSec_MegaRf_Atmega256rfr2_8Mhz_Gcc/Obj/osPdt.o: No such file or directory
avr-gcc: error: All_StdlinkSec_MegaRf_Atmega256rfr2_8Mhz_Gcc/Obj/occupancySensor.o: No such file or directory
avr-gcc: error: All_StdlinkSec_MegaRf_Atmega256rfr2_8Mhz_Gcc/Obj/osOccupancySensingCluster.o: No such file or directory
avr-gcc: error: All_StdlinkSec_MegaRf_Atmega256rfr2_8Mhz_Gcc/Obj/dsLevelControlCluster.o: No such file or directory
avr-gcc: error: All_StdlinkSec_MegaRf_Atmega256rfr2_8Mhz_Gcc/Obj/dsIdentifyCluster.o: No such file or directory
avr-gcc: error: All_StdlinkSec_MegaRf_Atmega256rfr2_8Mhz_Gcc/Obj/dsOnOffCluster.o: No such file or directory
avr-gcc: error: All_StdlinkSec_MegaRf_Atmega256rfr2_8Mhz_Gcc/Obj/dimmerSwitch.o: No such file or directory
avr-gcc: error: All_StdlinkSec_MegaRf_Atmega256rfr2_8Mhz_Gcc/Obj/dsConsole.o: No such file or directory
avr-gcc: error: All_StdlinkSec_MegaRf_Atmega256rfr2_8Mhz_Gcc/Obj/dsBasicCluster.o: No such file or directory
avr-gcc: error: All_StdlinkSec_MegaRf_Atmega256rfr2_8Mhz_Gcc/Obj/dsClusters.o: No such file or directory
avr-gcc: error: All_StdlinkSec_MegaRf_Atmega256rfr2_8Mhz_Gcc/Obj/ciIdentifyCluster.o: No such file or directory
avr-gcc: error: All_StdlinkSec_MegaRf_Atmega256rfr2_8Mhz_Gcc/Obj/ciClusters.o: No such file or directory
avr-gcc: error: All_StdlinkSec_MegaRf_Atmega256rfr2_8Mhz_Gcc/Obj/ciConsole.o: No such file or directory
avr-gcc: error: All_StdlinkSec_MegaRf_Atmega256rfr2_8Mhz_Gcc/Obj/ciLevelControlCluster.o: No such file or directory
avr-gcc: error: All_StdlinkSec_MegaRf_Atmega256rfr2_8Mhz_Gcc/Obj/ciOnOffCluster.o: No such file or directory
avr-gcc: error: All_StdlinkSec_MegaRf_Atmega256rfr2_8Mhz_Gcc/Obj/ciGroupsCluster.o: No such file or directory
avr-gcc: error: All_StdlinkSec_MegaRf_Atmega256rfr2_8Mhz_Gcc/Obj/ciBasicCluster.o: No such file or directory
avr-gcc: error: All_StdlinkSec_MegaRf_Atmega256rfr2_8Mhz_Gcc/Obj/ciOccupancySensingCluster.o: No such file or directory
avr-gcc: error: All_StdlinkSec_MegaRf_Atmega256rfr2_8Mhz_Gcc/Obj/ciScenesCluster.o: No such file or directory
avr-gcc: error: All_StdlinkSec_MegaRf_Atmega256rfr2_8Mhz_Gcc/Obj/combinedInterface.o: No such file or directory
avr-gcc: error: All_StdlinkSec_MegaRf_Atmega256rfr2_8Mhz_Gcc/Obj/commandManager.o: No such file or directory
avr-gcc: error: All_StdlinkSec_MegaRf_Atmega256rfr2_8Mhz_Gcc/Obj/console.o: No such file or directory
avr-gcc: error: All_StdlinkSec_MegaRf_Atmega256rfr2_8Mhz_Gcc/Obj/keyboardPoll.o: No such file or directory
avr-gcc: error: All_StdlinkSec_MegaRf_Atmega256rfr2_8Mhz_Gcc/Obj/uartManager.o: No such file or directory
avr-gcc: error: All_StdlinkSec_MegaRf_Atmega256rfr2_8Mhz_Gcc/Obj/otauService.o: No such file or directory
avr-gcc: error: All_StdlinkSec_MegaRf_Atmega256rfr2_8Mhz_Gcc/Obj/ezModeManager.o: No such file or directory
avr-gcc: error: All_StdlinkSec_MegaRf_Atmega256rfr2_8Mhz_Gcc/Obj/zclDevice.o: No such file or directory
avr-gcc: error: All_StdlinkSec_MegaRf_Atmega256rfr2_8Mhz_Gcc/Obj/haClusters.o: No such file or directory
avr-gcc: error: All_StdlinkSec_MegaRf_Atmega256rfr2_8Mhz_Gcc/Obj/stdPdsMemAccess.o: No such file or directory
avr-gcc: error: All_StdlinkSec_MegaRf_Atmega256rfr2_8Mhz_Gcc/Obj/stdPdsTimer.o: No such file or directory
avr-gcc: error: All_StdlinkSec_MegaRf_Atmega256rfr2_8Mhz_Gcc/Obj/stdPdsMem.o: No such file or directory
avr-gcc: error: All_StdlinkSec_MegaRf_Atmega256rfr2_8Mhz_Gcc/Obj/stdPdsWriteData.o: No such file or directory
avr-gcc: error: All_StdlinkSec_MegaRf_Atmega256rfr2_8Mhz_Gcc/Obj/stdPdsCrcService.o: No such file or directory
avr-gcc: error: All_StdlinkSec_MegaRf_Atmega256rfr2_8Mhz_Gcc/Obj/stdPdsInit.o: No such file or directory
avr-gcc: error: All_StdlinkSec_MegaRf_Atmega256rfr2_8Mhz_Gcc/Obj/stdPdsEvents.o: No such file or directory
avr-gcc: error: All_StdlinkSec_MegaRf_Atmega256rfr2_8Mhz_Gcc/Obj/stdPdsDataServer.o: No such file or directory
avr-gcc: error: All_StdlinkSec_MegaRf_Atmega256rfr2_8Mhz_Gcc/Obj/fakePds.o: No such file or directory
avr-gcc: error: All_StdlinkSec_MegaRf_Atmega256rfr2_8Mhz_Gcc/Obj/wlPdsDataServer.o: No such file or directory
avr-gcc: error: All_StdlinkSec_MegaRf_Atmega256rfr2_8Mhz_Gcc/Obj/wlPdsInit.o: No such file or directory
avr-gcc: error: All_StdlinkSec_MegaRf_Atmega256rfr2_8Mhz_Gcc/Obj/wlPdsSecurity.o: No such file or directory
avr-gcc: error: All_StdlinkSec_MegaRf_Atmega256rfr2_8Mhz_Gcc/Obj/wlPdsTypesConverter.o: No such file or directory
avr-gcc: error: All_StdlinkSec_MegaRf_Atmega256rfr2_8Mhz_Gcc/Obj/wlPdsTaskManager.o: No such file or directory
avr-gcc: error: All_StdlinkSec_MegaRf_Atmega256rfr2_8Mhz_Gcc/Obj/S_Nv.o: No such file or directory
avr-gcc: error: All_StdlinkSec_MegaRf_Atmega256rfr2_8Mhz_Gcc/Obj/S_Nv_Stub.o: No such file or directory
avr-gcc: error: All_StdlinkSec_MegaRf_Atmega256rfr2_8Mhz_Gcc/Obj/D_Nv.o: No such file or directory
avr-gcc: error: All_StdlinkSec_MegaRf_Atmega256rfr2_8Mhz_Gcc/Obj/sysIdleHandler.o: No such file or directory
avr-gcc: error: All_StdlinkSec_MegaRf_Atmega256rfr2_8Mhz_Gcc/Obj/sysSleep.o: No such file or directory
avr-gcc: error: All_StdlinkSec_MegaRf_Atmega256rfr2_8Mhz_Gcc/Obj/sysStat.o: No such file or directory
avr-gcc: error: All_StdlinkSec_MegaRf_Atmega256rfr2_8Mhz_Gcc/Obj/sysEventsHandler.o: No such file or directory
avr-gcc: error: All_StdlinkSec_MegaRf_Atmega256rfr2_8Mhz_Gcc/Obj/sysQueue.o: No such file or directory
avr-gcc: error: All_StdlinkSec_MegaRf_Atmega256rfr2_8Mhz_Gcc/Obj/sysUtils.o: No such file or directory
avr-gcc: error: All_StdlinkSec_MegaRf_Atmega256rfr2_8Mhz_Gcc/Obj/sysDuplicateTable.o: No such file or directory
avr-gcc: error: All_StdlinkSec_MegaRf_Atmega256rfr2_8Mhz_Gcc/Obj/sysInit.o: No such file or directory
avr-gcc: error: All_StdlinkSec_MegaRf_Atmega256rfr2_8Mhz_Gcc/Obj/sysTaskManager.o: No such file or directory
avr-gcc: error: All_StdlinkSec_MegaRf_Atmega256rfr2_8Mhz_Gcc/Obj/sysTimer.o: No such file or directory
avr-gcc: error: All_StdlinkSec_MegaRf_Atmega256rfr2_8Mhz_Gcc/Obj/sysMutex.o: No such file or directory
avr-gcc: error: All_StdlinkSec_MegaRf_Atmega256rfr2_8Mhz_Gcc/Obj/dbg.o: No such file or directory
avr-gcc: error: All_StdlinkSec_MegaRf_Atmega256rfr2_8Mhz_Gcc/Obj/ofdCommand.o: No such file or directory
avr-gcc: error: All_StdlinkSec_MegaRf_Atmega256rfr2_8Mhz_Gcc/Obj/ofdAt45dbDriver.o: No such file or directory
avr-gcc: error: All_StdlinkSec_MegaRf_Atmega256rfr2_8Mhz_Gcc/Obj/ofdSpiSerializer.o: No such file or directory
avr-gcc: error: All_StdlinkSec_MegaRf_Atmega256rfr2_8Mhz_Gcc/Obj/ofdFakeDriver.o: No such file or directory
avr-gcc: error: All_StdlinkSec_MegaRf_Atmega256rfr2_8Mhz_Gcc/Obj/ofdCrcService.o: No such file or directory
avr-gcc: error: All_StdlinkSec_MegaRf_Atmega256rfr2_8Mhz_Gcc/Obj/ofdAt25Driver.o: No such file or directory
avr-gcc: error: All_StdlinkSec_MegaRf_Atmega256rfr2_8Mhz_Gcc/Obj/zclSecurityManager.o: No such file or directory
avr-gcc: error: All_StdlinkSec_MegaRf_Atmega256rfr2_8Mhz_Gcc/Obj/zclParser.o: No such file or directory
avr-gcc: error: All_StdlinkSec_MegaRf_Atmega256rfr2_8Mhz_Gcc/Obj/zclOtauServer.o: No such file or directory
avr-gcc: error: All_StdlinkSec_MegaRf_Atmega256rfr2_8Mhz_Gcc/Obj/zclTaskManager.o: No such file or directory
avr-gcc: error: All_StdlinkSec_MegaRf_Atmega256rfr2_8Mhz_Gcc/Obj/zclMemoryManager.o: No such file or directory
avr-gcc: error: All_StdlinkSec_MegaRf_Atmega256rfr2_8Mhz_Gcc/Obj/zclCommandAnalyzer.o: No such file or directory
avr-gcc: error: All_StdlinkSec_MegaRf_Atmega256rfr2_8Mhz_Gcc/Obj/zclAttributes.o: No such file or directory
avr-gcc: error: All_StdlinkSec_MegaRf_Atmega256rfr2_8Mhz_Gcc/Obj/zclOtauClient.o: No such file or directory
avr-gcc: error: All_StdlinkSec_MegaRf_Atmega256rfr2_8Mhz_Gcc/Obj/zclOtauManager.o: No such file or directory
avr-gcc: error: All_StdlinkSec_MegaRf_Atmega256rfr2_8Mhz_Gcc/Obj/zcl.o: No such file or directory
avr-gcc: error: All_StdlinkSec_MegaRf_Atmega256rfr2_8Mhz_Gcc/Obj/zclKeyEstablishmentCluster.o: No such file or directory
avr-gcc: error: All_StdlinkSec_MegaRf_Atmega256rfr2_8Mhz_Gcc/Obj/zclOtauDiscovery.o: No such file or directory
avr-gcc: error: All_StdlinkSec_MegaRf_Atmega256rfr2_8Mhz_Gcc/Obj/xyl2rgb.o: No such file or directory
avr-gcc: error: All_StdlinkSec_MegaRf_Atmega256rfr2_8Mhz_Gcc/Obj/bspTaskManager.o: No such file or directory
avr-gcc: error: All_StdlinkSec_MegaRf_Atmega256rfr2_8Mhz_Gcc/Obj/hs2xy.o: No such file or directory
avr-gcc: error: All_StdlinkSec_MegaRf_Atmega256rfr2_8Mhz_Gcc/Obj/buttons.o: No such file or directory
avr-gcc: error: All_StdlinkSec_MegaRf_Atmega256rfr2_8Mhz_Gcc/Obj/MaxL.o: No such file or directory
avr-gcc: error: All_StdlinkSec_MegaRf_Atmega256rfr2_8Mhz_Gcc/Obj/lcd.o: No such file or directory
avr-gcc: error: All_StdlinkSec_MegaRf_Atmega256rfr2_8Mhz_Gcc/Obj/bspUid.o: No such file or directory
avr-gcc: error: All_StdlinkSec_MegaRf_Atmega256rfr2_8Mhz_Gcc/Obj/leds.o: No such file or directory
avr-gcc: error: All_StdlinkSec_MegaRf_Atmega256rfr2_8Mhz_Gcc/Obj/fakeBSP.o: No such file or directory
avr-gcc: error: All_StdlinkSec_MegaRf_Atmega256rfr2_8Mhz_Gcc/Obj/usbFifoVirtualUsart.o: No such file or directory
avr-gcc: error: All_StdlinkSec_MegaRf_Atmega256rfr2_8Mhz_Gcc/Obj/usbFifoFT245RL.o: No such file or directory
avr-gcc: error: All_StdlinkSec_MegaRf_Atmega256rfr2_8Mhz_Gcc/Obj/isdImageStorage.o: No such file or directory
avr-gcc: error: All_StdlinkSec_MegaRf_Atmega256rfr2_8Mhz_Gcc/Obj/isdConsoleTunneling.o: No such file or directory
avr-gcc: error: All_StdlinkSec_MegaRf_Atmega256rfr2_8Mhz_Gcc/Obj/csPersistentMem.o: No such file or directory
avr-gcc: error: All_StdlinkSec_MegaRf_Atmega256rfr2_8Mhz_Gcc/Obj/csMem.o: No such file or directory
avr-gcc: error: All_StdlinkSec_MegaRf_Atmega256rfr2_8Mhz_Gcc/Obj/configServer.o: No such file or directory
make[1]: *** [All_StdlinkSec_MegaRf_Atmega256rfr2_8Mhz_Gcc/Exe/HADevice.elf] Error 1
make: *** [all] Error 2